// Jest Snapshot v1, https://goo.gl/fbAQLP

exports[`@ryaninvents/plugin-bundle-dependencies should create a zip file with contents of dist-node 1`] = `
Array [
  "index.js",
]
`;

exports[`@ryaninvents/plugin-bundle-dependencies should honor "directory" and "bundleName" options 1`] = `
Array [
  "index.js",
]
`;

exports[`@ryaninvents/plugin-bundle-dependencies should honor "preserve" option 1`] = `
Array [
  "dist-node",
  "dist-node/index.js",
  "dist-src",
  "dist-src/index.js",
  "package.json",
]
`;
